
Testing: MCST Press Release (1312000) - CORP KEY
Error Status: 500
Error Data: "Unexpected errors\n"

Testing: MCST Press Release (1312000) - GEN KEY
Error Status: 500
Error Data: "Unexpected errors\n"

Testing: MCST Press Release (1371000) - CORP KEY
Error Status: 403
Error Data: "Forbidden\n"

Testing: MCST Press Release (1371000) - GEN KEY
Status: 200
Response Summary: <?xml version="1.0" encoding="UTF-8"?><response><header><resultCode>11</resultCode><resultMsg>NO_MANDATORY_REQUEST_PARAMETERS_ERROR</resultMsg></header><body></body></response>


Testing: MOIS Stats (1741000) - CORP KEY
Error Status: 403
Error Data: "Forbidden\n"

Testing: MOIS Stats (1741000) - GEN KEY
Status: 200
Response Summary: <?xml version="1.0" encoding="UTF-8"?>

<Subsidy24>
  <head>
    <totalCount>76</totalCount>
    <numOfRows>1</numOfRows>
    <pageNo>1</pageNo>
    <type>XML</type>
    <RESULT>
      <resultCode>INF
